// Jest Snapshot v1, https://goo.gl/fbAQLP

exports[`renders without crashing 1`] = `
<div
  className="App"
>
  <div
    className="container"
  >
    <header
      className="header"
    >
      <h1
        className="title"
      >
        ¿Dónde veo...?
      </h1>
    </header>
    <section
      className="searchbar"
    >
      <input
        context="Search"
        onChange={[Function]}
        type="text"
      />
      <button
        className="submit"
        onClick={[Function]}
      >
        GO
      </button>
    </section>
  </div>
  <div
    className="search-results"
  >
    <ul
      id="results"
    />
  </div>
</div>
`;
