// Jest Snapshot v1, https://goo.gl/fbAQLP

exports[`renders without crashing 1`] = `
<div
  className="App"
>
  <div
    className="search-results"
  >
    <ul
      id="results"
    />
  </div>
  <div
    className="search-bar"
  >
    <input
      defaultValue="Search me"
      name="searchbar"
      type="text"
    />
  </div>
</div>
`;
