// Jest Snapshot v1, https://goo.gl/fbAQLP

exports[`renders correctly when empty 1`] = `
<div
  className="container"
>
  <hr />
  <p>
    
  </p>
  <ul
    className="search-results list-group"
  />
</div>
`;

exports[`renders correctly with results 1`] = `
<div
  className="container"
>
  <hr />
  <p>
    Mostrando 2 resultados
  </p>
  <ul
    className="search-results list-group"
  >
    <button
      className="list-group-item-action list-group-item"
      onClick={[Function]}
    >
      <div
        className="row"
      >
        <div
          className="col col-sm-2"
        >
          <img
            className="img-circle media-object"
            data-src={undefined}
          />
        </div>
        <div
          className="col col-sm-10"
        >
          <h5
            className="list-group-item-heading"
          >
            Movie 1
          </h5>
          <p
            className="list-group-item-text"
          >
            The best movie ever
          </p>
        </div>
      </div>
    </button>
    <button
      className="list-group-item-action list-group-item"
      onClick={[Function]}
    >
      <div
        className="row"
      >
        <div
          className="col col-sm-2"
        >
          <img
            className="img-circle media-object"
            data-src={undefined}
          />
        </div>
        <div
          className="col col-sm-10"
        >
          <h5
            className="list-group-item-heading"
          >
            Movie 2
          </h5>
          <p
            className="list-group-item-text"
          >
            Much better than Movie 1
          </p>
        </div>
      </div>
    </button>
  </ul>
</div>
`;
