// Jest Snapshot v1, https://goo.gl/fbAQLP

exports[`renders correctly when empty 1`] = `
<div
  className="row"
>
  <div
    className="col col-sm-12"
  >
    <p
      className="lead"
    >
      
    </p>
    <ul
      className="search-results list-group"
    />
  </div>
</div>
`;

exports[`renders correctly with results 1`] = `
<div
  className="row"
>
  <div
    className="col col-sm-12"
  >
    <p
      className="lead"
    >
      Mostrando 2 resultados
    </p>
    <ul
      className="search-results list-group"
    >
      <li
        className="listItem list-group-item-action list-group-item"
        onClick={[Function]}
      >
        <div
          className="row"
        >
          <div
            className="col col-sm-2"
          >
            <img
              className="img-circle media-object"
              src={undefined}
            />
          </div>
          <div
            className="col col-sm-10"
          >
            <h5
              className="list-group-item-heading"
            >
              Movie 1
               
              <i
                className="small"
              >
                (
                2010
                )
              </i>
            </h5>
            <p
              className="list-group-item-text"
            >
              The best movie ever
            </p>
          </div>
        </div>
      </li>
      <li
        className="listItem list-group-item-action list-group-item"
        onClick={[Function]}
      >
        <div
          className="row"
        >
          <div
            className="col col-sm-2"
          >
            <img
              className="img-circle media-object"
              src="http://image.tmdb.org/t/p/w90/real_path.jpg"
            />
          </div>
          <div
            className="col col-sm-10"
          >
            <h5
              className="list-group-item-heading"
            >
              Movie 2
               
              <i
                className="small"
              >
                (
                2017
                )
              </i>
            </h5>
            <p
              className="list-group-item-text"
            >
              Much better than Movie 1
            </p>
          </div>
        </div>
      </li>
    </ul>
  </div>
</div>
`;
